../Drivers/STM32L4xx_HAL_Driver/Src/stm32l4xx_hal.c:152:19:HAL_Init	16	static
../Drivers/STM32L4xx_HAL_Driver/Src/stm32l4xx_hal.c:196:19:HAL_DeInit	8	static
../Drivers/STM32L4xx_HAL_Driver/Src/stm32l4xx_hal.c:225:13:HAL_MspInit	4	static
../Drivers/STM32L4xx_HAL_Driver/Src/stm32l4xx_hal.c:236:13:HAL_MspDeInit	4	static
../Drivers/STM32L4xx_HAL_Driver/Src/stm32l4xx_hal.c:259:26:HAL_InitTick	24	static
../Drivers/STM32L4xx_HAL_Driver/Src/stm32l4xx_hal.c:327:13:HAL_IncTick	4	static
../Drivers/STM32L4xx_HAL_Driver/Src/stm32l4xx_hal.c:338:17:HAL_GetTick	4	static
../Drivers/STM32L4xx_HAL_Driver/Src/stm32l4xx_hal.c:347:10:HAL_GetTickPrio	4	static
../Drivers/STM32L4xx_HAL_Driver/Src/stm32l4xx_hal.c:357:19:HAL_SetTickFreq	24	static
../Drivers/STM32L4xx_HAL_Driver/Src/stm32l4xx_hal.c:387:21:HAL_GetTickFreq	4	static
../Drivers/STM32L4xx_HAL_Driver/Src/stm32l4xx_hal.c:403:13:HAL_Delay	24	static,ignoring_inline_asm
../Drivers/STM32L4xx_HAL_Driver/Src/stm32l4xx_hal.c:430:13:HAL_SuspendTick	4	static
../Drivers/STM32L4xx_HAL_Driver/Src/stm32l4xx_hal.c:446:13:HAL_ResumeTick	4	static
../Drivers/STM32L4xx_HAL_Driver/Src/stm32l4xx_hal.c:456:10:HAL_GetHalVersion	4	static
../Drivers/STM32L4xx_HAL_Driver/Src/stm32l4xx_hal.c:465:10:HAL_GetREVID	4	static
../Drivers/STM32L4xx_HAL_Driver/Src/stm32l4xx_hal.c:474:10:HAL_GetDEVID	4	static
../Drivers/STM32L4xx_HAL_Driver/Src/stm32l4xx_hal.c:483:10:HAL_GetUIDw0	4	static
../Drivers/STM32L4xx_HAL_Driver/Src/stm32l4xx_hal.c:492:10:HAL_GetUIDw1	4	static
../Drivers/STM32L4xx_HAL_Driver/Src/stm32l4xx_hal.c:501:10:HAL_GetUIDw2	4	static
../Drivers/STM32L4xx_HAL_Driver/Src/stm32l4xx_hal.c:530:6:HAL_DBGMCU_EnableDBGSleepMode	4	static
../Drivers/STM32L4xx_HAL_Driver/Src/stm32l4xx_hal.c:539:6:HAL_DBGMCU_DisableDBGSleepMode	4	static
../Drivers/STM32L4xx_HAL_Driver/Src/stm32l4xx_hal.c:548:6:HAL_DBGMCU_EnableDBGStopMode	4	static
../Drivers/STM32L4xx_HAL_Driver/Src/stm32l4xx_hal.c:557:6:HAL_DBGMCU_DisableDBGStopMode	4	static
../Drivers/STM32L4xx_HAL_Driver/Src/stm32l4xx_hal.c:566:6:HAL_DBGMCU_EnableDBGStandbyMode	4	static
../Drivers/STM32L4xx_HAL_Driver/Src/stm32l4xx_hal.c:575:6:HAL_DBGMCU_DisableDBGStandbyMode	4	static
../Drivers/STM32L4xx_HAL_Driver/Src/stm32l4xx_hal.c:608:6:HAL_SYSCFG_SRAM2Erase	4	static
../Drivers/STM32L4xx_HAL_Driver/Src/stm32l4xx_hal.c:627:6:HAL_SYSCFG_EnableMemorySwappingBank	4	static
../Drivers/STM32L4xx_HAL_Driver/Src/stm32l4xx_hal.c:642:6:HAL_SYSCFG_DisableMemorySwappingBank	4	static
../Drivers/STM32L4xx_HAL_Driver/Src/stm32l4xx_hal.c:659:6:HAL_SYSCFG_VREFBUF_VoltageScalingConfig	16	static
../Drivers/STM32L4xx_HAL_Driver/Src/stm32l4xx_hal.c:675:6:HAL_SYSCFG_VREFBUF_HighImpedanceConfig	16	static
../Drivers/STM32L4xx_HAL_Driver/Src/stm32l4xx_hal.c:687:6:HAL_SYSCFG_VREFBUF_TrimmingConfig	16	static
../Drivers/STM32L4xx_HAL_Driver/Src/stm32l4xx_hal.c:699:19:HAL_SYSCFG_EnableVREFBUF	16	static
../Drivers/STM32L4xx_HAL_Driver/Src/stm32l4xx_hal.c:725:6:HAL_SYSCFG_DisableVREFBUF	4	static
../Drivers/STM32L4xx_HAL_Driver/Src/stm32l4xx_hal.c:736:6:HAL_SYSCFG_EnableIOAnalogSwitchBooster	4	static
../Drivers/STM32L4xx_HAL_Driver/Src/stm32l4xx_hal.c:746:6:HAL_SYSCFG_DisableIOAnalogSwitchBooster	4	static
