../Core/Src/lcd.c:981:13:lcd_cmd	16	static
../Core/Src/lcd.c:989:13:lcd_data	16	static
../Core/Src/lcd.c:999:13:lcd_send	16	static
../Core/Src/lcd.c:1029:6:lcd_init	16	static
../Core/Src/lcd.c:1050:13:lcd_data16	16	static
../Core/Src/lcd.c:1059:13:lcd_set_window	24	static
../Core/Src/lcd.c:1072:6:lcd_put_pixel	24	static
../Core/Src/lcd.c:1094:6:fill_with	24	static
../Core/Src/lcd.c:1103:6:lcd_copy	8	static
../Core/Src/lcd.c:1112:6:lcd_draw_image	24	static
../Core/Src/lcd.c:1123:6:lcd_transfer_done	8	static
../Core/Src/lcd.c:1128:6:lcd_is_busy	8	static
../Core/Src/lcd.c:1136:6:LCD_DisplayChar	40	static
../Core/Src/lcd.c:1160:6:LCD_DisplayString	32	static
../Core/Src/lcd.c:1199:6:LCD_DrawLine	56	static
../Core/Src/lcd.c:1234:6:lcd_fill_box	32	static
../Core/Src/lcd.c:1249:6:lcd_draw_horizontal_line	24	static
